checksum.h:28:20:crc_accumulate	24	static
checksum.h:44:20:crc_init	16	static
checksum.h:57:24:crc_calculate	24	static
mavlink_helpers.h:15:34:mavlink_get_channel_status	16	static
mavlink_helpers.h:52:25:mavlink_finalize_message_chan	32	static
mavlink_helpers.h:83:25:mavlink_finalize_message	24	static
mavlink_helpers.h:158:25:mavlink_msg_to_send_buffer	16	static
protocol.h:160:13:mav_array_memcpy	24	static
mavlink_msg_param_request_read.h:41:24:mavlink_msg_param_request_read_pack	48	static
mavlink_msg_command_long.h:62:24:mavlink_msg_command_long_pack	96	static
gimbal_stuff.c:71:8:requestAttitude	136	static
gimbal_stuff.c:83:8:requestParameter	144	static
gimbal_stuff.c:94:8:setParameter	144	static
gimbal_stuff.c:109:8:setAngles	152	static
gimbal_stuff.c:120:8:recenter	136	static
gimbal_stuff.c:131:8:setRc	160	static
gimbal_stuff.c:157:8:setRcPitch	16	static
gimbal_stuff.c:161:8:setRcRoll	16	static
gimbal_stuff.c:165:8:setRcYaw	16	static
gimbal_stuff.c:209:6:init_gimbal	8	static
gimbal_stuff.c:220:6:getFiringTime	4	static
gimbal_stuff.c:225:6:getFiringVals	40	static
gimbal_stuff.c:237:6:actuate_gimbal	40	static
